// Jest Snapshot v1, https://goo.gl/fbAQLP

exports[`Server responds to HTTP requests on the GraphQL endpoint 1`] = `500`;

exports[`Server serves a file list 1`] = `
Object {
  "data": Object {
    "files": Object {
      "items": Array [
        Object {
          "path": "/hello/world.mp4",
          "title": "Hello World",
        },
        Object {
          "path": "/hello/breaking-bad.mp4",
          "title": "Breaking Bad",
        },
      ],
    },
  },
  "errors": undefined,
  "extensions": undefined,
  "http": Object {
    "headers": Headers {
      Symbol(map): Object {},
    },
  },
}
`;
