// Jest Snapshot v1, https://goo.gl/fbAQLP

exports[`Server fetches file list 1`] = `
Object {
  "data": undefined,
  "errors": Array [
    [ValidationError: Cannot query field "files" on type "Query".],
  ],
  "extensions": undefined,
  "http": Object {
    "headers": Headers {
      Symbol(map): Object {},
    },
  },
}
`;
